Line 138: Missing semicolon. (W033)
Line 140: Missing semicolon. (W033)
Line 731: 'async functions' is only available in ES8 (use 'esversion: 8'). (W119)
Line 865: Did you mean to return a conditional instead of an assignment? (W093)
Line 873: Did you mean to return a conditional instead of an assignment? (W093)
Line 10: 'Keyword_Module' is not defined. (W117)
Line 133: 'Keyword_Module' is not defined. (W117)
Line 738: 'Keyword_Module' is not defined. (W117)
Line 804: 'Keyword_Module' is not defined. (W117)
Line 374: 'PlaceHolder_Module' is not defined. (W117)
Line 598: 'PlaceHolder_Module' is not defined. (W117)
Line 565: 'UP' is not defined. (W117)
Line 577: 'UP' is not defined. (W117)
Line 565: 'DOWN' is not defined. (W117)
Line 584: 'DOWN' is not defined. (W117)
Line 643: Read only. (W020)
Line 661: Read only. (W020)
Line 734: 'Abstract_Module' is not defined. (W117)
Line 804: 'Abstract_Module' is not defined. (W117)
Line 816: 'Abstract_Module' is not defined. (W117)
Line 736: 'Abbreviation_Module' is not defined. (W117)
Line 804: 'Abbreviation_Module' is not defined. (W117)
Line 756: 'guid' is not defined. (W117)
Line 779: 'guid' is not defined. (W117)
Line 758: 'AlertNewDialog' is not defined. (W117)
Line 765: 'AlertNewDialog' is not defined. (W117)
Line 796: 'IsNodeContain' is not defined. (W117)
Line 797: 'IsNodeContain' is not defined. (W117)
Line 798: 'IsNodeContain' is not defined. (W117)
Line 796: 'SEARCH_KEY' is not defined. (W117)
Line 797: 'SEARCH_KEY' is not defined. (W117)
Line 798: 'SEARCH_KEY' is not defined. (W117)
Line 812: 'SEARCH_KEY' is not defined. (W117)
Line 830: 'SEARCH_KEY' is not defined. (W117)
Line 861: 'SEARCH_KEY' is not defined. (W117)
Line 813: 'hasDataName' is not defined. (W117)
Line 831: 'hasDataName' is not defined. (W117)
Line 862: 'hasDataName' is not defined. (W117)
Line 827: '_IsSafari' is not defined. (W117)
Line 832: 'GetParentNde' is not defined. (W117)
Line 833: 'showNoteBool' is not defined. (W117)
Line 888: 'CKE_Handle' is not defined. (W117)