Line 127: 'async functions' is only available in ES8 (use 'esversion: 8'). (W119)
Line 139: Missing semicolon. (W033)
Line 164: Missing semicolon. (W033)
Line 276: Missing semicolon. (W033)
Line 308: Missing semicolon. (W033)
Line 316: Missing semicolon. (W033)
Line 327: Missing semicolon. (W033)
Line 368: Missing semicolon. (W033)
Line 395: Missing semicolon. (W033)
Line 442: Missing semicolon. (W033)
Line 466: Expected an assignment or function call and instead saw an expression. (W030)
Line 467: Missing semicolon. (W033)
Line 473: Missing semicolon. (W033)
Line 556: Missing semicolon. (W033)
Line 566: Missing semicolon. (W033)
Line 636: Missing semicolon. (W033)
Line 659: You might be leaking a variable (CanApplyDown) here. (W120)
Line 757: Missing semicolon. (W033)
Line 775: 'head_lvl' is already defined. (W004)
Line 788: Expected an assignment or function call and instead saw an expression. (W030)
Line 792: Expected an assignment or function call and instead saw an expression. (W030)
Line 846: Missing semicolon. (W033)
Line 907: Missing semicolon. (W033)
Line 913: Missing semicolon. (W033)
Line 921: Missing semicolon. (W033)
Line 953: Missing semicolon. (W033)
Line 960: Missing semicolon. (W033)
Line 969: Missing semicolon. (W033)
Line 970: 'async functions' is only available in ES8 (use 'esversion: 8'). (W119)
Line 47: 'P' is not defined. (W117)
Line 184: 'romanize' is not defined. (W117)
Line 218: 'HeadLevelLabel' is not defined. (W117)
Line 220: 'HeadLevelLabel' is not defined. (W117)
Line 222: 'HeadLevelLabel' is not defined. (W117)
Line 407: Read only. (W020)
Line 512: Read only. (W020)
Line 1099: Read only. (W020)
Line 588: 'UP' is not defined. (W117)
Line 1034: 'UP' is not defined. (W117)
Line 1035: 'UP' is not defined. (W117)
Line 1064: 'UP' is not defined. (W117)
Line 588: 'DOWN' is not defined. (W117)
Line 1034: 'DOWN' is not defined. (W117)
Line 659: 'CanApplyDown' is not defined. (W117)
Line 663: 'CanApplyDown' is not defined. (W117)
Line 682: 'CanApplyDown' is not defined. (W117)
Line 685: 'CanApplyDown' is not defined. (W117)
Line 815: 'SHORT_II_TITLE' is not defined. (W117)
Line 1001: Read only. (W020)
Line 1106: Read only. (W020)
Line 1071: 'IMPACT_ALERT' is not defined. (W117)
Line 1076: 'CreateStringHead' is not defined. (W117)