Line 915: Functions declared within loops referencing an outer scoped variable may lead to confusing semantics. (n, y, z) (W083)
Line 1001: 'async functions' is only available in ES8 (use 'esversion: 8'). (W119)
Line 1109: 'async functions' is only available in ES8 (use 'esversion: 8'). (W119)
Line 1284: 'async functions' is only available in ES8 (use 'esversion: 8'). (W119)
Line 1385: 'async functions' is only available in ES8 (use 'esversion: 8'). (W119)
Line 1814: Functions declared within loops referencing an outer scoped variable may lead to confusing semantics. (menu, AuthorGroupNewModule) (W083)
Line 63: 'GET_CONFIG_ITEM' is not defined. (W117)
Line 972: 'GET_CONFIG_ITEM' is not defined. (W117)
Line 131: 'AuthorEditDialog' is not defined. (W117)
Line 133: 'AuthorEditDialog' is not defined. (W117)
Line 1057: 'AuthorEditDialog' is not defined. (W117)
Line 1776: 'AuthorEditDialog' is not defined. (W117)
Line 1776: 'AuthorEditDialog' is not defined. (W117)
Line 251: 'AlertNewDialog' is not defined. (W117)
Line 1271: 'AlertNewDialog' is not defined. (W117)
Line 1451: 'AlertNewDialog' is not defined. (W117)
Line 305: Read only. (W020)
Line 581: Read only. (W020)
Line 649: Read only. (W020)
Line 673: Read only. (W020)
Line 783: Read only. (W020)
Line 786: Read only. (W020)
Line 1003: Read only. (W020)
Line 1091: Read only. (W020)
Line 1094: Read only. (W020)
Line 1391: Read only. (W020)
Line 1618: Read only. (W020)
Line 492: '_lastBeforeLen' is not defined. (W117)
Line 492: '_lastBefore' is not defined. (W117)
Line 507: '_lastBefore' is not defined. (W117)
Line 507: '_lastBefore' is not defined. (W117)
Line 503: 'SPL_OBJS' is not defined. (W117)
Line 503: 'SPL_OBJS' is not defined. (W117)
Line 507: 'SPL_OBJS' is not defined. (W117)
Line 507: 'SPL_OBJS' is not defined. (W117)
Line 508: '_last' is not defined. (W117)
Line 508: '_last' is not defined. (W117)
Line 755: 'checkDialogPosition' is not defined. (W117)
Line 884: 'Count' is not defined. (W117)
Line 1007: '_IsSafari' is not defined. (W117)
Line 1007: '_IsSafari' is not defined. (W117)
Line 1008: '_IsSafari' is not defined. (W117)
Line 1007: 'IMP_SAFARI' is not defined. (W117)
Line 1008: 'IMP_SAFARI' is not defined. (W117)
Line 1011: 'LINK' is not defined. (W117)
Line 1075: 'LINK' is not defined. (W117)
Line 1209: 'LINK' is not defined. (W117)
Line 1802: 'LINK' is not defined. (W117)
Line 1898: 'LINK' is not defined. (W117)
Line 1072: 'SWAP' is not defined. (W117)
Line 1075: 'SWAP' is not defined. (W117)
Line 1367: 'SWAP' is not defined. (W117)
Line 1798: 'SWAP' is not defined. (W117)
Line 1806: 'SWAP' is not defined. (W117)
Line 1849: 'SWAP' is not defined. (W117)
Line 1184: 'IMPACT_ALERT' is not defined. (W117)
Line 1337: 'IMPACT_ALERT' is not defined. (W117)
Line 1541: 'IMPACT_ALERT' is not defined. (W117)
Line 1633: 'IsNodeContain' is not defined. (W117)
Line 1634: 'IsNodeContain' is not defined. (W117)
Line 1636: 'IsNodeContain' is not defined. (W117)
Line 1637: 'IsNodeContain' is not defined. (W117)
Line 1633: 'SEARCH_KEY' is not defined. (W117)
Line 1634: 'SEARCH_KEY' is not defined. (W117)
Line 1636: 'SEARCH_KEY' is not defined. (W117)
Line 1637: 'SEARCH_KEY' is not defined. (W117)
Line 1752: 'showNoteBool' is not defined. (W117)
Line 1783: 'CKE_Handle' is not defined. (W117)