Line 168: 'async functions' is only available in ES8 (use 'esversion: 8'). (W119)
Line 550: Regular parameters should not come after default parameters. (W138)
Line 1226: 'async functions' is only available in ES8 (use 'esversion: 8'). (W119)
Line 1226: Regular parameters should not come after default parameters. (W138)
Line 1400: You might be leaking a variable (exitCite) here. (W120)
Line 1557: 'async functions' is only available in ES8 (use 'esversion: 8'). (W119)
Line 1557: Regular parameters should not come after default parameters. (W138)
Line 1557: Regular parameters should not come after default parameters. (W138)
Line 1676: Regular parameters should not come after default parameters. (W138)
Line 1676: Regular parameters should not come after default parameters. (W138)
Line 1676: Regular parameters should not come after default parameters. (W138)
Line 1716: Regular parameters should not come after default parameters. (W138)
Line 1756: Regular parameters should not come after default parameters. (W138)
Line 2267: Functions declared within loops referencing an outer scoped variable may lead to confusing semantics. (_) (W083)
Line 2451: Regular parameters should not come after default parameters. (W138)
Line 2451: Regular parameters should not come after default parameters. (W138)
Line 2451: Regular parameters should not come after default parameters. (W138)
Line 2514: Expected an assignment or function call and instead saw an expression. (W030)
Line 84: '_IsSafari' is not defined. (W117)
Line 130: 'IMP_SAFARI' is not defined. (W117)
Line 130: 'IMP_SAFARI' is not defined. (W117)
Line 296: 'stripHtmlText' is not defined. (W117)
Line 321: 'stripHtmlText' is not defined. (W117)
Line 388: 'APPLY_STYLE_MODULE' is not defined. (W117)
Line 893: 'getWordsCap' is not defined. (W117)
Line 949: 'getToolTipEntryString' is not defined. (W117)
Line 974: 'TOOLTIP_MODULE' is not defined. (W117)
Line 1148: 'CurMovekeyStorkeCode' is not defined. (W117)
Line 2200: 'CurMovekeyStorkeCode' is not defined. (W117)
Line 1148: 'ArrowMovekeyStorkeCode' is not defined. (W117)
Line 2200: 'ArrowMovekeyStorkeCode' is not defined. (W117)
Line 1165: 'iREF_SCOPE' is not defined. (W117)
Line 1371: 'iREF_SCOPE' is not defined. (W117)
Line 1645: 'iREF_SCOPE' is not defined. (W117)
Line 1692: 'iREF_SCOPE' is not defined. (W117)
Line 1695: 'iREF_SCOPE' is not defined. (W117)
Line 1770: 'iREF_SCOPE' is not defined. (W117)
Line 2969: 'iREF_SCOPE' is not defined. (W117)
Line 3101: 'iREF_SCOPE' is not defined. (W117)
Line 1276: 'handle_bookMark_Position' is not defined. (W117)
Line 1352: 'IMPACT_INSERT' is not defined. (W117)
Line 1421: 'IMPACT_INSERT' is not defined. (W117)
Line 1387: 'rangeExtraction' is not defined. (W117)
Line 1891: 'rangeExtraction' is not defined. (W117)
Line 1893: 'rangeExtraction' is not defined. (W117)
Line 3025: 'rangeExtraction' is not defined. (W117)
Line 3246: 'rangeExtraction' is not defined. (W117)
Line 3247: 'rangeExtraction' is not defined. (W117)
Line 3248: 'rangeExtraction' is not defined. (W117)
Line 3249: 'rangeExtraction' is not defined. (W117)
Line 3250: 'rangeExtraction' is not defined. (W117)
Line 3251: 'rangeExtraction' is not defined. (W117)
Line 1392: 'IMPACT_ALERT' is not defined. (W117)
Line 1601: 'IMPACT_ALERT' is not defined. (W117)
Line 2344: 'IMPACT_ALERT' is not defined. (W117)
Line 1401: 'getCiteTextEle' is not defined. (W117)
Line 1483: Read only. (W020)
Line 2435: Read only. (W020)
Line 1634: 'Citation' is not defined. (W117)
Line 1742: 'Citation' is not defined. (W117)
Line 1868: 'Citation' is not defined. (W117)
Line 2678: 'Citation' is not defined. (W117)
Line 1646: 'CHECK_ORDER' is not defined. (W117)
Line 2422: 'CHECK_ORDER' is not defined. (W117)
Line 1827: 'CitationConfig' is not defined. (W117)
Line 1862: 'CitationConfig' is not defined. (W117)
Line 1897: '_getBibCitation' is not defined. (W117)
Line 2332: '_getBibCitation' is not defined. (W117)
Line 1963: 'keyExistsOn' is not defined. (W117)
Line 2131: 'Get_Set_Part_Label' is not defined. (W117)
Line 2143: 'Get_Set_Part_Label' is not defined. (W117)
Line 2255: 'rangeExtraction_Alphabets' is not defined. (W117)
Line 2364: 'AlertNewDialog' is not defined. (W117)
Line 2798: 'AlertNewDialog' is not defined. (W117)
Line 2407: Read only. (W020)
Line 2442: Read only. (W020)
Line 2557: 'selectDOMRange' is not defined. (W117)
Line 2740: 'RE_ORDER_REF_CITATIONS' is not defined. (W117)
Line 2745: 'RE_ORDER_REF_CITATIONS' is not defined. (W117)
Line 3101: 'ObjectFilter' is not defined. (W117)
Line 3109: 'romanize' is not defined. (W117)
Line 3246: 'getString' is not defined. (W117)
Line 3247: 'getString' is not defined. (W117)
Line 3248: 'getString' is not defined. (W117)
Line 3249: 'getString' is not defined. (W117)
Line 3250: 'getString' is not defined. (W117)
Line 3251: 'getString' is not defined. (W117)