Line 3: Regular parameters should not come after default parameters. (W138)
Line 24: Missing semicolon. (W033)
Line 94: Missing semicolon. (W033)
Line 189: Missing semicolon. (W033)
Line 237: Missing semicolon. (W033)
Line 262: Did you mean to return a conditional instead of an assignment? (W093)
Line 269: Did you mean to return a conditional instead of an assignment? (W093)
Line 317: Missing semicolon. (W033)
Line 326: Regular parameters should not come after default parameters. (W138)
Line 349: Missing semicolon. (W033)
Line 440: Expected an assignment or function call and instead saw an expression. (W030)
Line 448: Missing semicolon. (W033)
Line 514: Regular parameters should not come after default parameters. (W138)
Line 550: Unnecessary semicolon. (W032)
Line 580: Missing semicolon. (W033)
Line 605: Missing semicolon. (W033)
Line 610: Missing semicolon. (W033)
Line 15: 'iREF_SCOPE' is not defined. (W117)
Line 16: 'iREF_SCOPE' is not defined. (W117)
Line 16: 'iREF_SCOPE' is not defined. (W117)
Line 16: 'iREF_SCOPE' is not defined. (W117)
Line 32: 'iREF_SCOPE' is not defined. (W117)
Line 33: 'iREF_SCOPE' is not defined. (W117)
Line 571: 'rangeExtraction' is not defined. (W117)