Line 75: Regular parameters should not come after default parameters. (W138)
Line 75: Regular parameters should not come after default parameters. (W138)
Line 93: Missing semicolon. (W033)
Line 108: Regular parameters should not come after default parameters. (W138)
Line 108: Regular parameters should not come after default parameters. (W138)
Line 109: Expected an assignment or function call and instead saw an expression. (W030)
Line 114: Missing semicolon. (W033)
Line 137: Regular parameters should not come after default parameters. (W138)
Line 137: Regular parameters should not come after default parameters. (W138)
Line 138: Expected an assignment or function call and instead saw an expression. (W030)
Line 154: Missing semicolon. (W033)
Line 156: Missing semicolon. (W033)
Line 170: Regular parameters should not come after default parameters. (W138)
Line 170: Regular parameters should not come after default parameters. (W138)
Line 171: Expected an assignment or function call and instead saw an expression. (W030)
Line 227: Regular parameters should not come after default parameters. (W138)
Line 227: Regular parameters should not come after default parameters. (W138)
Line 227: Regular parameters should not come after default parameters. (W138)
Line 229: Expected an assignment or function call and instead saw an expression. (W030)
Line 235: Missing semicolon. (W033)
Line 241: Expected an assignment or function call and instead saw an expression. (W030)
Line 241: Missing semicolon. (W033)
Line 251: Missing semicolon. (W033)
Line 252: Expected a conditional expression and instead saw an assignment. (W084)
Line 266: Missing semicolon. (W033)
Line 7: 'API_GET_ADMINDOCS' is not defined. (W117)
Line 23: 'API_GET_ADMINDOCS' is not defined. (W117)
Line 36: 'API_GET_ADMINDOCS' is not defined. (W117)
Line 49: 'API_GET_ADMINDOCS' is not defined. (W117)
Line 63: 'API_GET_ADMINDOCS' is not defined. (W117)
Line 8: 'API_FIND_UPDATE_INSERT' is not defined. (W117)
Line 24: 'API_FIND_UPDATE_INSERT' is not defined. (W117)
Line 37: 'API_FIND_UPDATE_INSERT' is not defined. (W117)
Line 50: 'API_FIND_UPDATE_INSERT' is not defined. (W117)