Line 24: Missing semicolon. (W033)
Line 70: Missing semicolon. (W033)
Line 97: 'step' is already defined. (W004)
Line 149: 'focusElm' is already defined. (W004)
Line 216: Missing semicolon. (W033)
Line 208: Functions declared within loops referencing an outer scoped variable may lead to confusing semantics. (ATT_SET, Options, hierarchyCount, RETURN_OB, childArray) (W083)
Line 256: Missing semicolon. (W033)
Line 257: Missing semicolon. (W033)
Line 283: Missing semicolon. (W033)
Line 288: Missing semicolon. (W033)
Line 349: Missing semicolon. (W033)
Line 366: Missing semicolon. (W033)
Line 373: Functions declared within loops referencing an outer scoped variable may lead to confusing semantics. (_) (W083)
Line 396: Missing semicolon. (W033)
Line 403: Missing semicolon. (W033)
Line 432: If a strict mode function is executed using function invocation, its 'this' value will be undefined. (W040)
Line 432: If a strict mode function is executed using function invocation, its 'this' value will be undefined. (W040)
Line 433: If a strict mode function is executed using function invocation, its 'this' value will be undefined. (W040)
Line 434: If a strict mode function is executed using function invocation, its 'this' value will be undefined. (W040)
Line 435: If a strict mode function is executed using function invocation, its 'this' value will be undefined. (W040)
Line 437: Missing semicolon. (W033)
Line 438: If a strict mode function is executed using function invocation, its 'this' value will be undefined. (W040)
Line 439: If a strict mode function is executed using function invocation, its 'this' value will be undefined. (W040)
Line 441: If a strict mode function is executed using function invocation, its 'this' value will be undefined. (W040)
Line 441: If a strict mode function is executed using function invocation, its 'this' value will be undefined. (W040)
Line 441: If a strict mode function is executed using function invocation, its 'this' value will be undefined. (W040)
Line 443: If a strict mode function is executed using function invocation, its 'this' value will be undefined. (W040)
Line 444: If a strict mode function is executed using function invocation, its 'this' value will be undefined. (W040)
Line 445: If a strict mode function is executed using function invocation, its 'this' value will be undefined. (W040)
Line 447: If a strict mode function is executed using function invocation, its 'this' value will be undefined. (W040)
Line 447: If a strict mode function is executed using function invocation, its 'this' value will be undefined. (W040)
Line 448: If a strict mode function is executed using function invocation, its 'this' value will be undefined. (W040)
Line 448: If a strict mode function is executed using function invocation, its 'this' value will be undefined. (W040)
Line 450: If a strict mode function is executed using function invocation, its 'this' value will be undefined. (W040)
Line 458: If a strict mode function is executed using function invocation, its 'this' value will be undefined. (W040)
Line 481: If a strict mode function is executed using function invocation, its 'this' value will be undefined. (W040)
Line 497: If a strict mode function is executed using function invocation, its 'this' value will be undefined. (W040)
Line 497: If a strict mode function is executed using function invocation, its 'this' value will be undefined. (W040)
Line 497: If a strict mode function is executed using function invocation, its 'this' value will be undefined. (W040)
Line 497: If a strict mode function is executed using function invocation, its 'this' value will be undefined. (W040)
Line 497: If a strict mode function is executed using function invocation, its 'this' value will be undefined. (W040)
Line 497: If a strict mode function is executed using function invocation, its 'this' value will be undefined. (W040)
Line 497: If a strict mode function is executed using function invocation, its 'this' value will be undefined. (W040)
Line 498: If a strict mode function is executed using function invocation, its 'this' value will be undefined. (W040)
Line 529: If a strict mode function is executed using function invocation, its 'this' value will be undefined. (W040)
Line 530: If a strict mode function is executed using function invocation, its 'this' value will be undefined. (W040)
Line 531: If a strict mode function is executed using function invocation, its 'this' value will be undefined. (W040)
Line 532: If a strict mode function is executed using function invocation, its 'this' value will be undefined. (W040)
Line 535: If a strict mode function is executed using function invocation, its 'this' value will be undefined. (W040)
Line 678: Missing semicolon. (W033)
Line 757: Missing semicolon. (W033)
Line 774: If a strict mode function is executed using function invocation, its 'this' value will be undefined. (W040)
Line 774: Regular parameters should not come after default parameters. (W138)
Line 815: If a strict mode function is executed using function invocation, its 'this' value will be undefined. (W040)
Line 831: If a strict mode function is executed using function invocation, its 'this' value will be undefined. (W040)
Line 849: If a strict mode function is executed using function invocation, its 'this' value will be undefined. (W040)
Line 849: Regular parameters should not come after default parameters. (W138)
Line 896: Missing semicolon. (W033)
Line 897: Missing semicolon. (W033)
Line 899: Missing semicolon. (W033)
Line 960: If a strict mode function is executed using function invocation, its 'this' value will be undefined. (W040)
Line 961: If a strict mode function is executed using function invocation, its 'this' value will be undefined. (W040)
Line 969: Missing semicolon. (W033)
Line 972: If a strict mode function is executed using function invocation, its 'this' value will be undefined. (W040)
Line 1009: Missing semicolon. (W033)
Line 1017: If a strict mode function is executed using function invocation, its 'this' value will be undefined. (W040)
Line 1024: Missing semicolon. (W033)
Line 1048: Missing semicolon. (W033)
Line 1067: If a strict mode function is executed using function invocation, its 'this' value will be undefined. (W040)
Line 1079: If a strict mode function is executed using function invocation, its 'this' value will be undefined. (W040)
Line 1107: If a strict mode function is executed using function invocation, its 'this' value will be undefined. (W040)
Line 1123: Missing semicolon. (W033)
Line 1165: Missing semicolon. (W033)
Line 1166: Missing semicolon. (W033)
Line 1170: Missing semicolon. (W033)
Line 11: 'Debounce_Event' is not defined. (W117)
Line 192: 'IS_NEW_CONFIG' is not defined. (W117)
Line 194: 'IS_NEW_CONFIG' is not defined. (W117)
Line 196: 'IS_NEW_CONFIG' is not defined. (W117)
Line 192: 'STYLE_CONFIG' is not defined. (W117)
Line 194: 'STYLE_CONFIG' is not defined. (W117)
Line 194: 'SHORT_II_TITLE' is not defined. (W117)
Line 196: 'SHORT_II_TITLE' is not defined. (W117)
Line 263: 'alert_key' is not defined. (W117)
Line 267: 'alert_key' is not defined. (W117)
Line 274: 'alert_key' is not defined. (W117)
Line 274: 'AlertNewDialog' is not defined. (W117)
Line 543: 'iREF_SCOPE' is not defined. (W117)
Line 790: 'IMPACT' is not defined. (W117)
Line 791: 'IMPACT' is not defined. (W117)
Line 969: 'lite_userId' is not defined. (W117)
Line 969: 'lite_userId' is not defined. (W117)
Line 1028: 'class_List' is not defined. (W117)
Line 1064: 'that' is not defined. (W117)
Line 1151: 'ImageAnnotateDialog' is not defined. (W117)
Line 1169: 'SupplimentaryDialog' is not defined. (W117)
Line 1184: 'PI_MODULE' is not defined. (W117)
Line 1186: 'GrayscaleDialog' is not defined. (W117)
Line 1196: 'APPLY_STYLE_MODULE' is not defined. (W117)