Line 208: Missing semicolon. (W033)
Line 309: Missing semicolon. (W033)
Line 366: Missing semicolon. (W033)
Line 381: Missing semicolon. (W033)
Line 499: Function declarations should not be placed in blocks. Use a function expression or move the statement to the top of the outer function. (W082)
Line 512: Missing semicolon. (W033)
Line 528: Missing semicolon. (W033)
Line 532: Missing semicolon. (W033)
Line 140: 'SCHEDULER_TIMER' is not defined. (W117)
Line 168: 'API_PATH' is not defined. (W117)
Line 381: 'API_PATH' is not defined. (W117)
Line 409: 'API_PATH' is not defined. (W117)
Line 436: 'API_PATH' is not defined. (W117)
Line 169: 'BUCKET_URL' is not defined. (W117)
Line 447: 'BUCKET_URL' is not defined. (W117)
Line 211: 'API_ZIP_DOWNLOAD' is not defined. (W117)
Line 244: 'AlertNewDialog' is not defined. (W117)
Line 268: 'AlertNewDialog' is not defined. (W117)
Line 345: 'DOC_INFO' is not defined. (W117)
Line 354: 'API_GET_DOCS' is not defined. (W117)
Line 421: 'I_rGEN_PDF' is not defined. (W117)
Line 427: 'I_rGEN_XML' is not defined. (W117)