Line 339: Missing semicolon. (W033)
Line 341: 'screenSize' used out of scope. (W038)
Line 342: 'browser' used out of scope. (W038)
Line 343: 'version' used out of scope. (W038)
Line 344: 'majorVersion' used out of scope. (W038)
Line 345: 'mobile' used out of scope. (W038)
Line 346: 'os' used out of scope. (W038)
Line 347: 'osVersion' used out of scope. (W038)
Line 348: 'cookieEnabled' used out of scope. (W038)
Line 349: 'flashVersion' used out of scope. (W038)
Line 360: Missing semicolon. (W033)
Line 362: Confusing use of '!'. (W018)
Line 362: Missing semicolon. (W033)
Line 404: Missing semicolon. (W033)
Line 546: Missing semicolon. (W033)
Line 633: Strict violation. (E008)
Line 637: Expected a conditional expression and instead saw an assignment. (W084)
Line 7: 'DOMAIN_ROOT' is not defined. (W117)
Line 7: 'DOMAIN_URL' is not defined. (W117)
Line 7: 'DOMAIN_URL' is not defined. (W117)
Line 16: 'iVersion' is not defined. (W117)
Line 34: 'iVersion' is not defined. (W117)
Line 34: 'iVersion' is not defined. (W117)
Line 395: 'iVersion' is not defined. (W117)
Line 457: 'iVersion' is not defined. (W117)
Line 70: 'opr' is not defined. (W117)
Line 88: 'width' is not defined. (W117)
Line 90: 'width' is not defined. (W117)
Line 89: 'height' is not defined. (W117)
Line 90: 'height' is not defined. (W117)
Line 331: 'swfobject' is not defined. (W117)
Line 379: 'jsondata' is not defined. (W117)
Line 403: 'IS_UAT_DOMAIN' is not defined. (W117)
Line 480: Read only. (W020)
Line 508: 'GET_SENDER_RECEIVER_ID' is not defined. (W117)
Line 606: 'GET_SENDER_RECEIVER_ID' is not defined. (W117)
Line 549: 'API_GET_DOCS' is not defined. (W117)
Line 559: 'API_GENERIC_SEND_MAIL' is not defined. (W117)
Line 620: 'API_GENERIC_SEND_MAIL' is not defined. (W117)