Line 10: 'SHARE_USER_IDs' is not defined. (W117)
Line 692: 'SHARE_USER_IDs' is not defined. (W117)
Line 57: 'API_PATH' is not defined. (W117)
Line 91: 'DOC_TYPE' is not defined. (W117)
Line 110: 'DOC_TYPE' is not defined. (W117)
Line 112: 'DOC_TYPE' is not defined. (W117)
Line 245: 'IS_LIVE_DOMAIN' is not defined. (W117)
Line 254: 'ObjectFilter' is not defined. (W117)
Line 318: 'BUCKET_URL' is not defined. (W117)
Line 362: 'GET_SENDER_RECEIVER_ID' is not defined. (W117)
Line 373: 'GET_SENDER_RECEIVER_ID' is not defined. (W117)
Line 951: 'GET_SENDER_RECEIVER_ID' is not defined. (W117)
Line 431: 'API_GET_DOCS' is not defined. (W117)
Line 447: 'API_GET_DOCS' is not defined. (W117)
Line 617: 'API_GET_DOCS' is not defined. (W117)
Line 451: 'J_CONFIG' is not defined. (W117)
Line 452: 'J_CONFIG' is not defined. (W117)
Line 453: 'J_CONFIG' is not defined. (W117)
Line 454: 'J_CONFIG' is not defined. (W117)
Line 451: 'SHORT_II_TITLE' is not defined. (W117)
Line 642: 'API_FIND_UPDATE_INSERT' is not defined. (W117)
Line 655: 'API_FIND_UPDATE_INSERT' is not defined. (W117)
Line 871: 'API_FIND_UPDATE_INSERT' is not defined. (W117)
Line 681: 'OBJ_SEN_REC_ID' is not defined. (W117)
Line 698: 'API_GENERIC_SEND_MAIL' is not defined. (W117)
Line 965: 'API_GENERIC_SEND_MAIL' is not defined. (W117)
Line 710: 'CHECK_REQUEST' is not defined. (W117)
Line 710: 'CHECK_REQUEST' is not defined. (W117)
Line 725: 'SURVEY_FEEDBACK' is not defined. (W117)
Line 739: 'AlertNewDialog' is not defined. (W117)
Line 771: Read only. (W020)
Line 776: Read only. (W020)
Line 771: Read only. (W020)
Line 776: Read only. (W020)
Line 779: 'NG_WEB_URL' is not defined. (W117)
Line 804: 'ShareInviteDialog' is not defined. (W117)
Line 807: 'ShareInviteDialog' is not defined. (W117)
Line 815: 'API_SHARE_INVITE' is not defined. (W117)
Line 880: 'API_PUBKIT_CLSE_TASK' is not defined. (W117)