Line 13: Missing semicolon. (W033)
Line 14: Unnecessary semicolon. (W032)
Line 91: Missing semicolon. (W033)
Line 122: Missing semicolon. (W033)
Line 197: If a strict mode function is executed using function invocation, its 'this' value will be undefined. (W040)
Line 202: Missing semicolon. (W033)
Line 218: If a strict mode function is executed using function invocation, its 'this' value will be undefined. (W040)
Line 221: If a strict mode function is executed using function invocation, its 'this' value will be undefined. (W040)
Line 222: If a strict mode function is executed using function invocation, its 'this' value will be undefined. (W040)
Line 223: If a strict mode function is executed using function invocation, its 'this' value will be undefined. (W040)
Line 225: If a strict mode function is executed using function invocation, its 'this' value will be undefined. (W040)
Line 251: Missing semicolon. (W033)
Line 268: Missing semicolon. (W033)
Line 316: Functions declared within loops referencing an outer scoped variable may lead to confusing semantics. (action) (W083)
Line 2: 'IS_LIVE_DOMAIN' is not defined. (W117)
Line 4: 'IS_ADMIN' is not defined. (W117)
Line 9: 'IS_BOOKS_USER' is not defined. (W117)
Line 11: 'jsondata' is not defined. (W117)
Line 12: 'IS_UAT_DOMAIN' is not defined. (W117)
Line 76: 'AG_GRID' is not defined. (W117)
Line 80: 'AG_GRID' is not defined. (W117)
Line 109: 'AG_GRID' is not defined. (W117)
Line 111: 'AG_GRID' is not defined. (W117)
Line 130: 'AG_GRID' is not defined. (W117)
Line 134: 'AG_GRID' is not defined. (W117)
Line 135: 'AG_GRID' is not defined. (W117)
Line 139: 'AG_GRID' is not defined. (W117)
Line 140: 'AG_GRID' is not defined. (W117)
Line 142: 'AG_GRID' is not defined. (W117)
Line 150: 'AG_GRID' is not defined. (W117)
Line 286: 'AG_GRID' is not defined. (W117)
Line 286: 'AG_GRID' is not defined. (W117)
Line 152: 'Render_Config' is not defined. (W117)
Line 153: 'Render_Config' is not defined. (W117)
Line 167: 'Render_Config' is not defined. (W117)
Line 168: 'Render_Config' is not defined. (W117)
Line 342: 'Render_Config' is not defined. (W117)
Line 165: 'MODULE_GRID_UMC' is not defined. (W117)
Line 255: 'MODULE_GRID_UMC' is not defined. (W117)
Line 253: 'MODULE_GRID_SFD' is not defined. (W117)