Line 79: Missing semicolon. (W033)
Line 80: Missing semicolon. (W033)
Line 87: Missing semicolon. (W033)
Line 92: Missing semicolon. (W033)
Line 128: Did you mean to return a conditional instead of an assignment? (W093)
Line 128: Missing semicolon. (W033)
Line 134: Missing semicolon. (W033)
Line 148: Function declarations should not be placed in blocks. Use a function expression or move the statement to the top of the outer function. (W082)
Line 176: Missing semicolon. (W033)
Line 198: Missing semicolon. (W033)
Line 220: Missing semicolon. (W033)
Line 239: Missing semicolon. (W033)
Line 489: Missing semicolon. (W033)
Line 545: 'Optional chaining' is only available in ES11 (use 'esversion: 11'). (W119)
Line 545: 'Optional chaining' is only available in ES11 (use 'esversion: 11'). (W119)
Line 568: 'Optional chaining' is only available in ES11 (use 'esversion: 11'). (W119)
Line 630: 'Optional chaining' is only available in ES11 (use 'esversion: 11'). (W119)
Line 648: 'Optional chaining' is only available in ES11 (use 'esversion: 11'). (W119)
Line 674: Missing semicolon. (W033)
Line 694: Missing semicolon. (W033)
Line 701: Missing semicolon. (W033)
Line 709: Functions declared within loops referencing an outer scoped variable may lead to confusing semantics. (column, default_column, IS_ADMIN) (W083)
Line 723: Functions declared within loops referencing an outer scoped variable may lead to confusing semantics. (remove, getKey) (W083)
Line 729: Functions declared within loops referencing an outer scoped variable may lead to confusing semantics. (getKey) (W083)
Line 795: Missing semicolon. (W033)
Line 828: Missing semicolon. (W033)
Line 831: Missing semicolon. (W033)
Line 835: Missing semicolon. (W033)
Line 839: Missing semicolon. (W033)
Line 847: Function declarations should not be placed in blocks. Use a function expression or move the statement to the top of the outer function. (W082)
Line 851: Function declarations should not be placed in blocks. Use a function expression or move the statement to the top of the outer function. (W082)
Line 855: Function declarations should not be placed in blocks. Use a function expression or move the statement to the top of the outer function. (W082)
Line 903: Missing semicolon. (W033)
Line 1101: Missing semicolon. (W033)
Line 1135: Missing semicolon. (W033)
Line 1145: Missing semicolon. (W033)
Line 1154: Missing semicolon. (W033)
Line 1173: Missing semicolon. (W033)
Line 1216: Missing semicolon. (W033)
Line 1226: Missing semicolon. (W033)
Line 1234: Missing semicolon. (W033)
Line 1242: Missing semicolon. (W033)
Line 1464: Missing semicolon. (W033)
Line 1467: Missing semicolon. (W033)
Line 1472: Missing semicolon. (W033)
Line 1478: Missing semicolon. (W033)
Line 1487: Missing semicolon. (W033)
Line 1489: Missing semicolon. (W033)
Line 1571: Expected an assignment or function call and instead saw an expression. (W030)
Line 1642: Expected an assignment or function call and instead saw an expression. (W030)
Line 1711: Missing semicolon. (W033)
Line 9: 'DOMAIN_URL' is not defined. (W117)
Line 10: 'DOMAIN_URL' is not defined. (W117)
Line 74: 'SERVER_DB_LIST' is not defined. (W117)
Line 214: 'Swal' is not defined. (W117)
Line 452: 'Swal' is not defined. (W117)
Line 467: 'Swal' is not defined. (W117)
Line 489: 'Swal' is not defined. (W117)
Line 494: 'Swal' is not defined. (W117)
Line 1711: 'Swal' is not defined. (W117)
Line 271: 'agGrid' is not defined. (W117)
Line 881: 'agGrid' is not defined. (W117)
Line 330: 'get_user_info' is not defined. (W117)
Line 385: 'CustomTooltip' is not defined. (W117)
Line 390: 'CustomLoadingCellRenderer' is not defined. (W117)
Line 394: 'CustomLoadingOverlay' is not defined. (W117)
Line 398: 'CustomNoRowsOverlay' is not defined. (W117)
Line 475: 'IS_UAT_DOMAIN' is not defined. (W117)
Line 484: 'IS_UAT_DOMAIN' is not defined. (W117)
Line 484: 'IS_ADMIN' is not defined. (W117)
Line 676: 'IS_ADMIN' is not defined. (W117)
Line 714: 'IS_ADMIN' is not defined. (W117)
Line 935: 'IS_ADMIN' is not defined. (W117)
Line 487: 'editor' is not defined. (W117)
Line 504: 'CONVERSION_PORT' is not defined. (W117)
Line 504: 'CONVERSION_PORT' is not defined. (W117)
Line 504: 'CONVERSION_PORT' is not defined. (W117)
Line 932: 'API_GET_DOCS' is not defined. (W117)
Line 1162: 'API_GET_DOCS' is not defined. (W117)
Line 933: 'IS_LIVE_DOMAIN' is not defined. (W117)
Line 989: 'str' is not defined. (W117)
Line 1250: 'DOMAIN_ROOT' is not defined. (W117)
Line 1506: 'node' is not defined. (W117)