Line 53: Attempting to override 'endDate' which is a constant. (E013)
Line 36: Attempting to override 'startDate' which is a constant. (E013)
Line 39: Attempting to override 'startDate' which is a constant. (E013)
Line 61: Missing semicolon. (W033)
Line 88: Expected an assignment or function call and instead saw an expression. (W030)
Line 116: Missing semicolon. (W033)
Line 4: 'AG_GRID' is not defined. (W117)
Line 8: 'AG_GRID' is not defined. (W117)
Line 12: 'AG_GRID' is not defined. (W117)
Line 122: 'AG_GRID' is not defined. (W117)
Line 27: 'alert' is not defined. (W117)
Line 37: 'alert' is not defined. (W117)
Line 51: 'alert' is not defined. (W117)
Line 71: 'ServerDateTime' is not defined. (W117)
Line 76: 'ServerDateTime' is not defined. (W117)
Line 145: 'ServerDateTime' is not defined. (W117)
Line 145: 'ServerDateTime' is not defined. (W117)
Line 146: 'ServerDateTime' is not defined. (W117)
Line 146: 'ServerDateTime' is not defined. (W117)
Line 148: 'ServerDateTime' is not defined. (W117)
Line 148: 'ServerDateTime' is not defined. (W117)
Line 150: 'ServerDateTime' is not defined. (W117)
Line 150: 'ServerDateTime' is not defined. (W117)
Line 151: 'ServerDateTime' is not defined. (W117)
Line 151: 'ServerDateTime' is not defined. (W117)
Line 152: 'ServerDateTime' is not defined. (W117)
Line 152: 'ServerDateTime' is not defined. (W117)
Line 83: 'start1' is not defined. (W117)
Line 88: 'start1' is not defined. (W117)
Line 84: 'end1' is not defined. (W117)
Line 88: 'end1' is not defined. (W117)
Line 85: 'label1' is not defined. (W117)
Line 88: 'label1' is not defined. (W117)