Line 1: Missing semicolon. (W033)
Line 73: Missing semicolon. (W033)
Line 79: Regular parameters should not come after default parameters. (W138)
Line 79: Regular parameters should not come after default parameters. (W138)
Line 94: Regular parameters should not come after default parameters. (W138)
Line 94: Regular parameters should not come after default parameters. (W138)
Line 94: Regular parameters should not come after default parameters. (W138)
Line 115: 'async functions' is only available in ES8 (use 'esversion: 8'). (W119)
Line 115: Regular parameters should not come after default parameters. (W138)
Line 115: Regular parameters should not come after default parameters. (W138)
Line 115: Regular parameters should not come after default parameters. (W138)
Line 132: 'async functions' is only available in ES8 (use 'esversion: 8'). (W119)
Line 135: Missing semicolon. (W033)
Line 173: Regular parameters should not come after default parameters. (W138)
Line 173: Regular parameters should not come after default parameters. (W138)
Line 181: 'jsondata' is already defined. (W004)
Line 221: Missing semicolon. (W033)
Line 227: Missing semicolon. (W033)
Line 231: Missing semicolon. (W033)
Line 253: Missing semicolon. (W033)
Line 35: 'AG_GRID' is not defined. (W117)
Line 99: 'AG_GRID' is not defined. (W117)
Line 121: 'AG_GRID' is not defined. (W117)
Line 205: 'AG_GRID' is not defined. (W117)
Line 220: 'AG_GRID' is not defined. (W117)
Line 222: 'AG_GRID' is not defined. (W117)
Line 228: 'AG_GRID' is not defined. (W117)
Line 230: 'AG_GRID' is not defined. (W117)
Line 232: 'AG_GRID' is not defined. (W117)
Line 240: 'AG_GRID' is not defined. (W117)
Line 64: 'USER_MAIL' is not defined. (W117)
Line 102: 'API_PATH' is not defined. (W117)
Line 125: 'API_FIND_UPDATE_INSERT' is not defined. (W117)
Line 141: 'Swal' is not defined. (W117)
Line 180: 'API_GET_DOCS' is not defined. (W117)
Line 187: 'show_input_1' is not defined. (W117)
Line 187: 'show_input_1' is not defined. (W117)
Line 193: 'show_input_1' is not defined. (W117)
Line 193: 'show_input_1' is not defined. (W117)