Line 38: Missing semicolon. (W033)
Line 39: Missing semicolon. (W033)
Line 152: Missing semicolon. (W033)
Line 182: Missing semicolon. (W033)
Line 208: Missing semicolon. (W033)
Line 229: Missing semicolon. (W033)
Line 243: Missing semicolon. (W033)
Line 287: Missing semicolon. (W033)
Line 374: Missing semicolon. (W033)
Line 384: Missing semicolon. (W033)
Line 389: Missing semicolon. (W033)
Line 392: Missing semicolon. (W033)
Line 402: Missing semicolon. (W033)
Line 427: Missing semicolon. (W033)
Line 444: Missing semicolon. (W033)
Line 471: Missing semicolon. (W033)
Line 481: Missing semicolon. (W033)
Line 418: Functions declared within loops referencing an outer scoped variable may lead to confusing semantics. (record, get_user_info, console, ACTIVE_OBJ, DATE_BEFORE_MANIPULATION, DEFAULT_KEYS, DOI_RECORD, data, Type, tempData) (W083)
Line 564: Missing semicolon. (W033)
Line 737: 'Optional chaining' is only available in ES11 (use 'esversion: 11'). (W119)
Line 789: Missing semicolon. (W033)
Line 863: 'Optional chaining' is only available in ES11 (use 'esversion: 11'). (W119)
Line 863: 'Optional chaining' is only available in ES11 (use 'esversion: 11'). (W119)
Line 886: 'Optional chaining' is only available in ES11 (use 'esversion: 11'). (W119)
Line 938: 'Optional chaining' is only available in ES11 (use 'esversion: 11'). (W119)
Line 1168: Missing semicolon. (W033)
Line 1176: Missing semicolon. (W033)
Line 1185: Functions declared within loops referencing an outer scoped variable may lead to confusing semantics. (column, default_column, IS_ADMIN) (W083)
Line 1198: Functions declared within loops referencing an outer scoped variable may lead to confusing semantics. (remove, getKey) (W083)
Line 1204: Functions declared within loops referencing an outer scoped variable may lead to confusing semantics. (getKey) (W083)
Line 1270: Missing semicolon. (W033)
Line 1303: Missing semicolon. (W033)
Line 1306: Missing semicolon. (W033)
Line 1310: Missing semicolon. (W033)
Line 1314: Missing semicolon. (W033)
Line 1322: Function declarations should not be placed in blocks. Use a function expression or move the statement to the top of the outer function. (W082)
Line 1326: Function declarations should not be placed in blocks. Use a function expression or move the statement to the top of the outer function. (W082)
Line 1330: Function declarations should not be placed in blocks. Use a function expression or move the statement to the top of the outer function. (W082)
Line 1369: Missing semicolon. (W033)
Line 1439: Missing semicolon. (W033)
Line 1486: Missing semicolon. (W033)
Line 1497: Missing semicolon. (W033)
Line 1514: Missing semicolon. (W033)
Line 1530: Missing semicolon. (W033)
Line 1535: Missing semicolon. (W033)
Line 1565: Missing semicolon. (W033)
Line 1593: Missing semicolon. (W033)
Line 1666: Missing semicolon. (W033)
Line 1678: Unnecessary semicolon. (W032)
Line 1687: Unnecessary semicolon. (W032)
Line 1700: Missing semicolon. (W033)
Line 1710: Missing semicolon. (W033)
Line 1719: Missing semicolon. (W033)
Line 1778: Missing semicolon. (W033)
Line 1788: Missing semicolon. (W033)
Line 1796: Missing semicolon. (W033)
Line 1804: Missing semicolon. (W033)
Line 1956: Missing semicolon. (W033)
Line 1959: Missing semicolon. (W033)
Line 1962: Missing semicolon. (W033)
Line 1966: Missing semicolon. (W033)
Line 2059: Missing semicolon. (W033)
Line 2062: Missing semicolon. (W033)
Line 2067: Missing semicolon. (W033)
Line 2073: Missing semicolon. (W033)
Line 2082: Missing semicolon. (W033)
Line 2084: Missing semicolon. (W033)
Line 2155: Expected an assignment or function call and instead saw an expression. (W030)
Line 2186: Unnecessary semicolon. (W032)
Line 2270: Missing semicolon. (W033)
Line 11: 'DOMAIN_URL' is not defined. (W117)
Line 12: 'DOMAIN_URL' is not defined. (W117)
Line 33: 'SERVER_DB_LIST' is not defined. (W117)
Line 55: 'PerformanceObserver' is not defined. (W117)
Line 138: 'IS_ADMIN' is not defined. (W117)
Line 147: 'IS_ADMIN' is not defined. (W117)
Line 210: 'IS_ADMIN' is not defined. (W117)
Line 1190: 'IS_ADMIN' is not defined. (W117)
Line 1424: 'IS_ADMIN' is not defined. (W117)
Line 1468: 'IS_ADMIN' is not defined. (W117)
Line 204: 'INITIATE_DATE_PICKER' is not defined. (W117)
Line 223: 'Swal' is not defined. (W117)
Line 757: 'Swal' is not defined. (W117)
Line 773: 'Swal' is not defined. (W117)
Line 789: 'Swal' is not defined. (W117)
Line 793: 'Swal' is not defined. (W117)
Line 2270: 'Swal' is not defined. (W117)
Line 556: 'newData1' is not defined. (W117)
Line 557: 'newData1' is not defined. (W117)
Line 558: 'newData1' is not defined. (W117)
Line 559: 'newData1' is not defined. (W117)
Line 560: 'newData1' is not defined. (W117)
Line 562: 'newData1' is not defined. (W117)
Line 683: 'CustomTooltip' is not defined. (W117)
Line 687: 'CustomLoadingCellRenderer' is not defined. (W117)
Line 691: 'CustomLoadingOverlay' is not defined. (W117)
Line 695: 'CustomNoRowsOverlay' is not defined. (W117)
Line 803: 'CONVERSION_PORT' is not defined. (W117)
Line 803: 'CONVERSION_PORT' is not defined. (W117)
Line 803: 'CONVERSION_PORT' is not defined. (W117)
Line 1148: 'agGrid' is not defined. (W117)
Line 1360: 'agGrid' is not defined. (W117)
Line 1372: 'agGrid' is not defined. (W117)
Line 1357: 'PREPARE_C_REPORT' is not defined. (W117)
Line 1420: 'API_GET_DOCS' is not defined. (W117)
Line 1725: 'API_GET_DOCS' is not defined. (W117)
Line 1422: 'IS_LIVE_DOMAIN' is not defined. (W117)
Line 1429: 'getStartOfDay' is not defined. (W117)
Line 1430: 'getEndOfDay' is not defined. (W117)
Line 1438: 'IS_UAT_DOMAIN' is not defined. (W117)
Line 1500: 'API_PATH' is not defined. (W117)
Line 1505: 'IS_DEV_DOMAIN' is not defined. (W117)
Line 1518: 'API_GET_ADMINDOCS' is not defined. (W117)
Line 1580: 'handle_active_list' is not defined. (W117)
Line 1812: 'DOMAIN_ROOT' is not defined. (W117)
Line 2090: 'node' is not defined. (W117)