Line 99: Missing semicolon. (W033)
Line 130: Regular parameters should not come after default parameters. (W138)
Line 131: Missing semicolon. (W033)
Line 134: 'jsondata' is already defined. (W004)
Line 160: Missing semicolon. (W033)
Line 178: Missing semicolon. (W033)
Line 223: Missing semicolon. (W033)
Line 7: 'COLLECTION' is not defined. (W117)
Line 51: 'filterParams' is not defined. (W117)
Line 52: 'dateComparator' is not defined. (W117)
Line 53: 'AG_GRID' is not defined. (W117)
Line 164: 'AG_GRID' is not defined. (W117)
Line 193: 'AG_GRID' is not defined. (W117)
Line 194: 'AG_GRID' is not defined. (W117)
Line 199: 'AG_GRID' is not defined. (W117)
Line 201: 'AG_GRID' is not defined. (W117)
Line 202: 'AG_GRID' is not defined. (W117)
Line 210: 'AG_GRID' is not defined. (W117)
Line 101: 'DB_DOMAIN' is not defined. (W117)
Line 103: 'DB_DOMAIN' is not defined. (W117)
Line 114: 'DB_DOMAIN' is not defined. (W117)
Line 133: 'API_GET_DOCS' is not defined. (W117)
Line 179: 'API_GET_DOCS' is not defined. (W117)
Line 157: 'show_input_1' is not defined. (W117)
Line 157: 'show_input_1' is not defined. (W117)
Line 172: 'show_input_1' is not defined. (W117)
Line 172: 'show_input_1' is not defined. (W117)
Line 162: 'API_PATH' is not defined. (W117)
Line 187: 'MODULE_GRID_HD' is not defined. (W117)
Line 221: 'MODULE_GRID_HD' is not defined. (W117)