Line 65: Missing semicolon. (W033)
Line 141: Regular parameters should not come after default parameters. (W138)
Line 141: Regular parameters should not come after default parameters. (W138)
Line 141: Regular parameters should not come after default parameters. (W138)
Line 187: Missing semicolon. (W033)
Line 271: Missing semicolon. (W033)
Line 34: 'SET_MIN_MAX_DATE' is not defined. (W117)
Line 210: 'SET_MIN_MAX_DATE' is not defined. (W117)
Line 95: 'filterParams' is not defined. (W117)
Line 96: 'TimeComparator' is not defined. (W117)
Line 98: 'AG_GRID' is not defined. (W117)
Line 135: 'AG_GRID' is not defined. (W117)
Line 192: 'AG_GRID' is not defined. (W117)
Line 237: 'AG_GRID' is not defined. (W117)
Line 239: 'AG_GRID' is not defined. (W117)
Line 245: 'AG_GRID' is not defined. (W117)
Line 247: 'AG_GRID' is not defined. (W117)
Line 249: 'AG_GRID' is not defined. (W117)
Line 257: 'AG_GRID' is not defined. (W117)
Line 192: 'API_GET_DOCS' is not defined. (W117)