Line 79: Function declarations should not be placed in blocks. Use a function expression or move the statement to the top of the outer function. (W082)
Line 91: Function declarations should not be placed in blocks. Use a function expression or move the statement to the top of the outer function. (W082)
Line 95: Function declarations should not be placed in blocks. Use a function expression or move the statement to the top of the outer function. (W082)
Line 99: Function declarations should not be placed in blocks. Use a function expression or move the statement to the top of the outer function. (W082)
Line 103: Function declarations should not be placed in blocks. Use a function expression or move the statement to the top of the outer function. (W082)
Line 107: Function declarations should not be placed in blocks. Use a function expression or move the statement to the top of the outer function. (W082)
Line 117: Missing semicolon. (W033)
Line 131: Missing semicolon. (W033)
Line 171: Regular parameters should not come after default parameters. (W138)
Line 199: Missing semicolon. (W033)
Line 207: Missing semicolon. (W033)
Line 211: Missing semicolon. (W033)
Line 246: Missing semicolon. (W033)
Line 292: Missing semicolon. (W033)
Line 293: Missing semicolon. (W033)
Line 312: '_value' is already defined. (W004)
Line 365: '_value' is already defined. (W004)
Line 400: Regular parameters should not come after default parameters. (W138)
Line 540: Missing semicolon. (W033)
Line 172: 'Render_Config' is not defined. (W117)
Line 225: 'Render_Config' is not defined. (W117)
Line 234: 'Render_Config' is not defined. (W117)
Line 263: 'Render_Config' is not defined. (W117)
Line 274: 'Render_Config' is not defined. (W117)
Line 290: 'Render_Config' is not defined. (W117)
Line 336: 'Render_Config' is not defined. (W117)
Line 401: 'Render_Config' is not defined. (W117)
Line 439: 'Render_Config' is not defined. (W117)
Line 461: 'Render_Config' is not defined. (W117)
Line 485: 'Render_Config' is not defined. (W117)
Line 545: 'Render_Config' is not defined. (W117)
Line 238: 'AG_GRID' is not defined. (W117)
Line 241: 'AG_GRID' is not defined. (W117)
Line 242: 'AG_GRID' is not defined. (W117)
Line 246: 'AG_GRID' is not defined. (W117)
Line 249: 'AG_GRID' is not defined. (W117)
Line 251: 'AG_GRID' is not defined. (W117)
Line 252: 'AG_GRID' is not defined. (W117)
Line 279: 'AG_GRID' is not defined. (W117)
Line 446: 'AG_GRID' is not defined. (W117)
Line 447: 'AG_GRID' is not defined. (W117)
Line 466: 'AG_GRID' is not defined. (W117)
Line 467: 'AG_GRID' is not defined. (W117)
Line 474: 'AG_GRID' is not defined. (W117)
Line 475: 'AG_GRID' is not defined. (W117)
Line 475: 'AG_GRID' is not defined. (W117)
Line 477: 'AG_GRID' is not defined. (W117)
Line 497: 'AG_GRID' is not defined. (W117)
Line 464: 'docuemnt' is not defined. (W117)
Line 468: 'iVersion' is not defined. (W117)
Line 490: 'Swal' is not defined. (W117)