Line 22: Missing semicolon. (W033)
Line 24: Missing semicolon. (W033)
Line 31: Missing semicolon. (W033)
Line 42: Missing semicolon. (W033)
Line 54: Missing semicolon. (W033)
Line 65: Missing semicolon. (W033)
Line 221: Missing semicolon. (W033)
Line 22: 'prompt' is not defined. (W117)
Line 24: 'prompt' is not defined. (W117)
Line 37: 'prompt' is not defined. (W117)
Line 49: 'prompt' is not defined. (W117)
Line 60: 'prompt' is not defined. (W117)
Line 80: 'BUCKET_URL' is not defined. (W117)
Line 141: 'BUCKET_URL' is not defined. (W117)
Line 89: 'MY_TOPIC' is not defined. (W117)
Line 105: 'API_KAFKA_PRODCER' is not defined. (W117)
Line 114: 'Dropzone' is not defined. (W117)
Line 134: 'Dropzone' is not defined. (W117)
Line 159: 'Dropzone' is not defined. (W117)
Line 135: 'API_PATH' is not defined. (W117)
Line 193: 'FileuploadFlag' is not defined. (W117)
Line 210: 'Swal' is not defined. (W117)
Line 215: 'Swal' is not defined. (W117)
Line 261: 'jQuery' is not defined. (W117)