Line 148: Missing semicolon. (W033)
Line 159: Missing semicolon. (W033)
Line 215: 'jsondata' is already defined. (W004)
Line 316: Expected an assignment or function call and instead saw an expression. (W030)
Line 316: Missing semicolon. (W033)
Line 317: Missing semicolon. (W033)
Line 329: Missing semicolon. (W033)
Line 331: Missing semicolon. (W033)
Line 446: Missing semicolon. (W033)
Line 587: Unnecessary semicolon. (W032)
Line 674: Missing semicolon. (W033)
Line 676: Missing semicolon. (W033)
Line 683: Missing semicolon. (W033)
Line 694: Missing semicolon. (W033)
Line 706: Missing semicolon. (W033)
Line 717: Missing semicolon. (W033)
Line 726: Expected an assignment or function call and instead saw an expression. (W030)
Line 747: Missing semicolon. (W033)
Line 749: Missing semicolon. (W033)
Line 750: Missing semicolon. (W033)
Line 783: Duplicate key 'linkinfo'. (W075)
Line 804: Missing semicolon. (W033)
Line 808: Missing semicolon. (W033)
Line 866: Unreachable ';' after 'return'. (W027)
Line 866: Unnecessary semicolon. (W032)
Line 913: Missing semicolon. (W033)
Line 939: Missing semicolon. (W033)
Line 951: Missing semicolon. (W033)
Line 1235: Missing semicolon. (W033)
Line 1236: Missing semicolon. (W033)
Line 83: 'roledata' is not defined. (W117)
Line 84: 'roledata' is not defined. (W117)
Line 85: 'roledata' is not defined. (W117)
Line 85: 'roledata' is not defined. (W117)
Line 94: 'swal' is not defined. (W117)
Line 1140: 'swal' is not defined. (W117)
Line 1148: 'swal' is not defined. (W117)
Line 1232: 'swal' is not defined. (W117)
Line 105: 'alert' is not defined. (W117)
Line 110: 'alert' is not defined. (W117)
Line 120: 'alert' is not defined. (W117)
Line 163: 'alert' is not defined. (W117)
Line 168: 'alert' is not defined. (W117)
Line 227: 'alert' is not defined. (W117)
Line 871: 'alert' is not defined. (W117)
Line 221: 'API_PATH' is not defined. (W117)
Line 1049: 'API_PATH' is not defined. (W117)
Line 241: 'API_GET_DOCS_AUTH' is not defined. (W117)
Line 540: 'API_GET_DOCS_AUTH' is not defined. (W117)
Line 821: 'API_GET_DOCS_AUTH' is not defined. (W117)
Line 890: 'API_GET_DOCS_AUTH' is not defined. (W117)
Line 901: 'API_GET_DOCS_AUTH' is not defined. (W117)
Line 914: 'API_GET_DOCS_AUTH' is not defined. (W117)
Line 940: 'API_GET_DOCS_AUTH' is not defined. (W117)
Line 952: 'API_GET_DOCS_AUTH' is not defined. (W117)
Line 1180: 'API_GET_DOCS_AUTH' is not defined. (W117)
Line 272: 'API_FIND_UPDATE_INSERT' is not defined. (W117)
Line 291: 'API_FIND_UPDATE_INSERT' is not defined. (W117)
Line 330: 'API_GET_DOCS' is not defined. (W117)
Line 426: 'API_GET_DOCS' is not defined. (W117)
Line 846: 'API_GET_DOCS' is not defined. (W117)
Line 432: 'docid' is not defined. (W117)
Line 478: 'IS_ADMIN' is not defined. (W117)
Line 508: 'BUCKET_URL' is not defined. (W117)
Line 739: 'BUCKET_URL' is not defined. (W117)
Line 1055: 'BUCKET_URL' is not defined. (W117)
Line 596: 'API_GET_USERS' is not defined. (W117)
Line 674: 'prompt' is not defined. (W117)
Line 676: 'prompt' is not defined. (W117)
Line 689: 'prompt' is not defined. (W117)
Line 701: 'prompt' is not defined. (W117)
Line 712: 'prompt' is not defined. (W117)
Line 1048: 'myDropzone' is not defined. (W117)
Line 1070: 'myDropzone' is not defined. (W117)
Line 1073: 'myDropzone' is not defined. (W117)
Line 1077: 'myDropzone' is not defined. (W117)
Line 1080: 'myDropzone' is not defined. (W117)
Line 1089: 'myDropzone' is not defined. (W117)
Line 1094: 'myDropzone' is not defined. (W117)
Line 1161: 'myDropzone' is not defined. (W117)
Line 1161: 'myDropzone' is not defined. (W117)
Line 1164: 'myDropzone' is not defined. (W117)
Line 1165: 'myDropzone' is not defined. (W117)
Line 1048: 'Dropzone' is not defined. (W117)
Line 1161: 'Dropzone' is not defined. (W117)
Line 1122: 'MY_TOPIC' is not defined. (W117)
Line 1135: 'API_KAFKA_PRODCER' is not defined. (W117)
Line 1223: 'API_DEL_RECORD' is not defined. (W117)
Line 1235: 'DOMAIN_ROOT' is not defined. (W117)