Line 79: Missing semicolon. (W033)
Line 90: Regular parameters should not come after default parameters. (W138)
Line 90: Regular parameters should not come after default parameters. (W138)
Line 90: Regular parameters should not come after default parameters. (W138)
Line 175: Missing semicolon. (W033)
Line 104: 'getStartOfDay' is not defined. (W117)
Line 105: 'getEndOfDay' is not defined. (W117)
Line 111: 'config_client' is not defined. (W117)
Line 123: 'config_client' is not defined. (W117)
Line 123: 'config_client' is not defined. (W117)
Line 123: 'config_client' is not defined. (W117)
Line 112: 'Swal' is not defined. (W117)
Line 123: 'WF_CLIENT_LIST' is not defined. (W117)
Line 123: 'WF_CLIENT_LIST' is not defined. (W117)
Line 139: 'AG_GRID' is not defined. (W117)
Line 162: 'AG_GRID' is not defined. (W117)
Line 163: 'AG_GRID' is not defined. (W117)
Line 164: 'AG_GRID' is not defined. (W117)
Line 169: 'AG_GRID' is not defined. (W117)
Line 170: 'AG_GRID' is not defined. (W117)
Line 172: 'AG_GRID' is not defined. (W117)
Line 174: 'AG_GRID' is not defined. (W117)
Line 175: 'AG_GRID' is not defined. (W117)
Line 183: 'AG_GRID' is not defined. (W117)
Line 139: 'API_GET_DOCS' is not defined. (W117)